[backblue.gif]
[fade.gif]
[index.html]
[localhost_7162/assets/js/vendor/modernizr-3.6.0.min.js]
[localhost_7162/assets/js/vendor/jquery-3.4.1.min.js]
[localhost_7162/assets/js/vendor/jquery-migrate-3.1.0.min.js]
[localhost_7162/assets/js/vendor/bootstrap.bundle.min.js]
[localhost_7162/assets/js/plugins/select2.min.js]
[localhost_7162/assets/js/plugins/jquery.nice-select.min.js]
[localhost_7162/assets/js/plugins/perfect-scrollbar.min.js]
[localhost_7162/assets/js/plugins/swiper.min.js]
[localhost_7162/assets/js/plugins/slick.min.js]
[localhost_7162/assets/js/plugins/mo.min.js]
[localhost_7162/assets/js/plugins/jquery.ajaxchimp.min.js]
[localhost_7162/assets/js/plugins/jquery.countdown.min.js]
[localhost_7162/assets/js/plugins/imagesloaded.pkgd.min.js]
[localhost_7162/assets/js/plugins/isotope.pkgd.min.js]
[localhost_7162/assets/js/plugins/jquery.matchHeight-min.js]
[localhost_7162/assets/js/plugins/ion.rangeSlider.min.js]
[localhost_7162/assets/js/plugins/photoswipe.min.js]
[localhost_7162/assets/js/plugins/photoswipe-ui-default.min.js]
[localhost_7162/assets/js/plugins/jquery.zoom.min.js]
[localhost_7162/assets/js/plugins/ResizeSensor.js]
[localhost_7162/assets/js/plugins/jquery.sticky-sidebar.min.js]
[localhost_7162/assets/js/plugins/product360.js]
[localhost_7162/assets/js/plugins/jquery.magnific-popup.min.js]
[localhost_7162/assets/js/plugins/jquery.scrollUp.min.js]
[localhost_7162/assets/js/plugins/scrollax.min.js]
[localhost_7162/assets/js/plugins/instafeed.min.js]
[localhost_7162/assets/js/main.js]
[localhost_7162/js/main.js]
[cdn.ethers.io/lib/ethers-5.2.umd.min.js]
[localhost_7162/_framework/aspnetcore-browser-refresh.js]
[localhost_7162/User/Checkout.html]
[localhost_7162/assets/css/vendor/bootstrap.min.css]
[localhost_7162/assets/css/vendor/font-awesome-pro.min.css]
[localhost_7162/assets/css/vendor/themify-icons.css]
[localhost_7162/assets/css/vendor/customFonts.css]
[localhost_7162/assets/css/plugins/select2.min.css]
[localhost_7162/assets/css/plugins/perfect-scrollbar.css]
[localhost_7162/assets/css/plugins/swiper.min.css]
[localhost_7162/assets/css/plugins/nice-select.css]
[localhost_7162/assets/css/plugins/ion.rangeSlider.min.css]
[localhost_7162/assets/css/plugins/photoswipe.css]
[localhost_7162/assets/images/photoswipe/preloader.gif]
[localhost_7162/assets/css/plugins/photoswipe-default-skin.css]
[localhost_7162/assets/css/plugins/magnific-popup.css]
[localhost_7162/assets/css/plugins/slick.css]
[localhost_7162/assets/css/style.min.css]
[localhost_7162/User/Index.html]
[localhost_7162/User/Cart.html]
[localhost_7162/User/index-2.html]
[localhost_7162/User/index-3.html]
[localhost_7162/User/index-4.html]
[localhost_7162/User/index-5.html]
[localhost_7162/User/index-6.html]
[localhost_7162/User/index-7.html]
[localhost_7162/User/index-8.html]
[localhost_7162/User/index-9.html]
[localhost_7162/User/index-10.html]
[localhost_7162/User/index-11.html]
[localhost_7162/User/shop.html]
[localhost_7162/User/shop-left-sidebar.html]
[localhost_7162/User/shop-right-sidebar.html]
[localhost_7162/User/shop-fullwidth-no-gutters.html]
[localhost_7162/User/shop-fullwidth.html]
[localhost_7162/User/shop-fullwidth-left-sidebar.html]
[localhost_7162/User/shop-fullwidth-right-sidebar.html]
[localhost_7162/User/product-details.html]
[localhost_7162/User/product-details-fullwidth.html]
[localhost_7162/User/product-details-sticky.html]
[localhost_7162/User/product-details-sidebar.html]
[localhost_7162/User/product-details-extra-content.html]
[localhost_7162/User/product-details-image-variation.html]
[localhost_7162/User/product-details-group.html]
[localhost_7162/User/product-details-360.html]
[localhost_7162/User/product-details-background.html]
[localhost_7162/User/shopping-cart.html]
[localhost_7162/User/checkout-2.html]
[localhost_7162/User/order-tracking.html]
[localhost_7162/User/Wishlist.html]
[localhost_7162/User/login-register.html]
[localhost_7162/User/lost-password.html]
[localhost_7162/User/portfolio-3-columns.html]
[localhost_7162/User/portfolio-4-columns.html]
[localhost_7162/User/portfolio-5-columns.html]
[localhost_7162/User/portfolio-details.html]
[localhost_7162/User/elements-products.html]
[localhost_7162/User/elements-products-tabs.html]
[localhost_7162/User/elements-product-sale-banner.html]
[localhost_7162/User/elements-category-banner.html]
[localhost_7162/User/elements-team.html]
[localhost_7162/User/elements-testimonials.html]
[localhost_7162/User/elements-instagram.html]
[localhost_7162/User/elements-map.html]
[localhost_7162/User/elements-icon-box.html]
[localhost_7162/User/elements-buttons.html]
[localhost_7162/User/elements-faq.html]
[localhost_7162/User/elements-brands.html]
[localhost_7162/User/blog-right-sidebar.html]
[localhost_7162/User/blog-left-sidebar.html]
[localhost_7162/User/blog-fullwidth.html]
[localhost_7162/User/blog-grid-right-sidebar.html]
[localhost_7162/User/blog-grid-left-sidebar.html]
[localhost_7162/User/blog-grid-fullwidth.html]
[localhost_7162/User/blog-list-right-sidebar.html]
[localhost_7162/User/blog-list-left-sidebar.html]
[localhost_7162/User/blog-list-fullwidth.html]
[localhost_7162/User/blog-masonry-right-sidebar.html]
[localhost_7162/User/blog-masonry-left-sidebar.html]
[localhost_7162/User/blog-masonry-fullwidth.html]
[localhost_7162/User/blog-details-right-sidebar.html]
[localhost_7162/User/blog-details-left-sidebar.html]
[localhost_7162/User/blog-details-fullwidth.html]
[localhost_7162/User/about-us.html]
[localhost_7162/User/about-us-2.html]
[localhost_7162/User/contact-us.html]
[localhost_7162/User/coming-soon.html]
[localhost_7162/User/404.html]
[localhost_7162/User/assets/images/others/pay-2.html]
[localhost_7162/User/assets/images/product/cart-product-1.html]
[localhost_7162/User/assets/images/product/cart-product-2.html]
[localhost_7162/User/assets/images/product/cart-product-3.html]
